// Jest Snapshot v1, https://goo.gl/fbAQLP

exports[`should take a snapshot 1`] = `
<DocumentFragment>
  <div
    class="h-screen w-screen p-4 bg-gradient-to-r from-[#2F80ED] to-[#1CB5E0]"
  >
    <div
      class="bg-slate-100 max-w-[500px] w-full m-auto rounded-md shadow-xl p-4"
    >
      <h3
        class="text-3xl font-bold text-center text-gray-800 p-2"
      >
        Todo App
      </h3>
      <form
        class="flex justify-between"
      >
        <input
          class="border p-2 w-full text-xl"
          placeholder="Add Todo"
          type="text"
          value=""
        />
        <button
          class="border p-4 ml-2 bg-purple-500 text-slate-100"
        >
          <svg
            fill="currentColor"
            height="30"
            stroke="currentColor"
            stroke-width="0"
            t="1551322312294"
            version="1.1"
            viewBox="0 0 1024 1024"
            width="30"
            xmlns="http://www.w3.org/2000/svg"
          >
            <defs />
            <path
              d="M474 152m8 0l60 0q8 0 8 8l0 704q0 8-8 8l-60 0q-8 0-8-8l0-704q0-8 8-8Z"
            />
            <path
              d="M168 474m8 0l672 0q8 0 8 8l0 60q0 8-8 8l-672 0q-8 0-8-8l0-60q0-8 8-8Z"
            />
          </svg>
        </button>
      </form>
      <ul />
    </div>
  </div>
</DocumentFragment>
`;
